// Jest Snapshot v1, https://goo.gl/fbAQLP

exports[`TopContent component should render TopContent component correctly 1`] = `
<div
  className="top-section-wrapper"
>
  <MainMenu />
</div>
`;
