// Jest Snapshot v1, https://goo.gl/fbAQLP

exports[`HandButton component should render HandButton correctly 1`] = `
ShallowWrapper {
  Symbol(enzyme.__root__): [Circular],
  Symbol(enzyme.__unrendered__): <HandButton />,
  Symbol(enzyme.__renderer__): Object {
    "batchedUpdates": [Function],
    "checkPropTypes": [Function],
    "getNode": [Function],
    "render": [Function],
    "simulateError": [Function],
    "simulateEvent": [Function],
    "unmount": [Function],
  },
  Symbol(enzyme.__node__): Object {
    "instance": null,
    "key": undefined,
    "nodeType": "host",
    "props": Object {
      "children": <WithStyles(Paper)
        className="game-hand"
      >
        <img
          className="rps-button"
          onClick={[Function]}
        />
        <WithStyles(Typography)
          className="game-name"
          component="h4"
          gutterBottom={true}
          variant="h4"
        />
      </WithStyles(Paper)>,
      "className": "col-4",
    },
    "ref": null,
    "rendered": Object {
      "instance": null,
      "key": undefined,
      "nodeType": "class",
      "props": Object {
        "children": Array [
          <img
            className="rps-button"
            onClick={[Function]}
          />,
          <WithStyles(Typography)
            className="game-name"
            component="h4"
            gutterBottom={true}
            variant="h4"
          />,
        ],
        "className": "game-hand",
      },
      "ref": null,
      "rendered": Array [
        Object {
          "instance": null,
          "key": undefined,
          "nodeType": "host",
          "props": Object {
            "alt": undefined,
            "className": "rps-button",
            "onClick": [Function],
            "src": undefined,
          },
          "ref": null,
          "rendered": null,
          "type": "img",
        },
        Object {
          "instance": null,
          "key": undefined,
          "nodeType": "class",
          "props": Object {
            "children": undefined,
            "className": "game-name",
            "component": "h4",
            "gutterBottom": true,
            "variant": "h4",
          },
          "ref": null,
          "rendered": null,
          "type": [Function],
        },
      ],
      "type": [Function],
    },
    "type": "div",
  },
  Symbol(enzyme.__nodes__): Array [
    Object {
      "instance": null,
      "key": undefined,
      "nodeType": "host",
      "props": Object {
        "children": <WithStyles(Paper)
          className="game-hand"
        >
          <img
            className="rps-button"
            onClick={[Function]}
          />
          <WithStyles(Typography)
            className="game-name"
            component="h4"
            gutterBottom={true}
            variant="h4"
          />
        </WithStyles(Paper)>,
        "className": "col-4",
      },
      "ref": null,
      "rendered": Object {
        "instance": null,
        "key": undefined,
        "nodeType": "class",
        "props": Object {
          "children": Array [
            <img
              className="rps-button"
              onClick={[Function]}
            />,
            <WithStyles(Typography)
              className="game-name"
              component="h4"
              gutterBottom={true}
              variant="h4"
            />,
          ],
          "className": "game-hand",
        },
        "ref": null,
        "rendered": Array [
          Object {
            "instance": null,
            "key": undefined,
            "nodeType": "host",
            "props": Object {
              "alt": undefined,
              "className": "rps-button",
              "onClick": [Function],
              "src": undefined,
            },
            "ref": null,
            "rendered": null,
            "type": "img",
          },
          Object {
            "instance": null,
            "key": undefined,
            "nodeType": "class",
            "props": Object {
              "children": undefined,
              "className": "game-name",
              "component": "h4",
              "gutterBottom": true,
              "variant": "h4",
            },
            "ref": null,
            "rendered": null,
            "type": [Function],
          },
        ],
        "type": [Function],
      },
      "type": "div",
    },
  ],
  Symbol(enzyme.__options__): Object {
    "adapter": ReactSixteenAdapter {
      "options": Object {
        "enableComponentDidUpdateOnSetState": true,
        "legacyContextMode": "parent",
        "lifecycles": Object {
          "componentDidUpdate": Object {
            "onSetState": true,
          },
          "getChildContext": Object {
            "calledByRenderer": false,
          },
          "getDerivedStateFromProps": true,
          "getSnapshotBeforeUpdate": true,
          "setState": Object {
            "skipsComponentDidUpdateOnNullish": true,
          },
        },
      },
    },
  },
}
`;
