// Jest Snapshot v1, https://goo.gl/fbAQLP

exports[`App component should render home page component correctly 1`] = `
<div>
  <App />
</div>
`;
