// Jest Snapshot v1, https://goo.gl/fbAQLP

exports[`Dashboard component should render dashboard page correctly 1`] = `
<div
  className="mid-section-wrapper "
>
  <div
    className="ball-loading"
  >
    Loading...
  </div>
</div>
`;
